// Jest Snapshot v1, https://goo.gl/fbAQLP

exports[`Renders Label component correctly. 1`] = `
<div>
  <label
    class="Label class"
    for="input"
  >
    Label text
  </label>
</div>
`;
