// Jest Snapshot v1, https://goo.gl/fbAQLP

exports[`Renders App component correctly. 1`] = `
<div>
  <header
    class="Header"
  >
    <h1>
      ðŸ“§ Email input challenge
    </h1>
  </header>
  <main
    class="Main flex horizontal_center_flex"
  >
    <div
      class="container"
    >
      <div
        class="row horizontal_center_flex"
      >
        <div
          class="col-md-12 col-sm-24 flex"
        >
          <div
            class="EmailValidationForm full_width"
          >
            <label
              class="Label block"
              for="EmailValidator"
            >
              Enter Email:
            </label>
            <div
              class="relative"
            >
              <input
                class="Input block full_width"
                name="EmailValidator"
                value=""
              />
              <button
                class="Button-Clear absolute Button"
                style="top: 0px; bottom: 0px; right: 0px; border-top-left-radius: 0; border-bottom-left-radius: 0;"
                title="Clear text input"
                type="button"
              >
                Ã—
              </button>
            </div>
            <p
              class="block full_width margin_top_small"
            />
          </div>
          <div>
            <label
              class="Label block"
            >
              Â 
            </label>
            <button
              class="margin_left_small Button"
              disabled=""
              title="Disabled: email not valid"
              type="button"
            >
              Verify
            </button>
          </div>
        </div>
      </div>
      <div
        class="Notifications absolute flex horizontal_center_flex full_width"
      />
    </div>
  </main>
</div>
`;
