// Jest Snapshot v1, https://goo.gl/fbAQLP

exports[`Renders Header component correctly. 1`] = `
<div>
  <header
    class="Header"
  >
    <h1
      class="Header_Title"
    >
      Header Title
    </h1>
  </header>
</div>
`;
