// Jest Snapshot v1, https://goo.gl/fbAQLP

exports[`Renders EmailSuggestion component correctly. 1`] = `
<div>
  <li
    class="EmailSuggestions_Suggestion"
  >
    suggestion
  </li>
</div>
`;
