// Jest Snapshot v1, https://goo.gl/fbAQLP

exports[`Renders EmailSuggestions component correctly. 1`] = `
<div>
  <ul
    class="EmailSuggestions full_width"
  />
</div>
`;
