// Jest Snapshot v1, https://goo.gl/fbAQLP

exports[`Renders Suggestion component correctly. 1`] = `
<div>
  <li
    class="Email_Suggestions_Suggestion"
  >
    suggestion
  </li>
</div>
`;
