// Jest Snapshot v1, https://goo.gl/fbAQLP

exports[`Renders ErrorNotification component correctly. 1`] = `
<div>
  <div
    class="Notifications_Notification Notifications_Notification-Error"
    role="alert"
  >
    <p>
      Error
    </p>
  </div>
</div>
`;
