// Jest Snapshot v1, https://goo.gl/fbAQLP

exports[`Renders SuccessNotification component correctly. 1`] = `
<div>
  <div
    class="Notifications_Notification Notifications_Notification-Success"
    role="alert"
  >
    <p>
      Success
    </p>
  </div>
</div>
`;
